Archive member included to satisfy reference by file (symbol)

/Applications/STM32CubeIDE.app/Contents/Eclipse/plugins/com.st.stm32cube.ide.mcu.externaltools.gnu-tools-for-stm32.10.3-2021.10.macos64_1.0.200.202301161003/tools/bin/../lib/gcc/arm-none-eabi/10.3.1/../../../../arm-none-eabi/lib/thumb/v7e-m+fp/hard/libc_nano.a(lib_a-errno.o)
                              ./Core/Src/syscalls.o (__errno)
/Applications/STM32CubeIDE.app/Contents/Eclipse/plugins/com.st.stm32cube.ide.mcu.externaltools.gnu-tools-for-stm32.10.3-2021.10.macos64_1.0.200.202301161003/tools/bin/../lib/gcc/arm-none-eabi/10.3.1/../../../../arm-none-eabi/lib/thumb/v7e-m+fp/hard/libc_nano.a(lib_a-exit.o)
                              /Applications/STM32CubeIDE.app/Contents/Eclipse/plugins/com.st.stm32cube.ide.mcu.externaltools.gnu-tools-for-stm32.10.3-2021.10.macos64_1.0.200.202301161003/tools/bin/../lib/gcc/arm-none-eabi/10.3.1/../../../../arm-none-eabi/lib/thumb/v7e-m+fp/hard/crt0.o (exit)
/Applications/STM32CubeIDE.app/Contents/Eclipse/plugins/com.st.stm32cube.ide.mcu.externaltools.gnu-tools-for-stm32.10.3-2021.10.macos64_1.0.200.202301161003/tools/bin/../lib/gcc/arm-none-eabi/10.3.1/../../../../arm-none-eabi/lib/thumb/v7e-m+fp/hard/libc_nano.a(lib_a-impure.o)
                              /Applications/STM32CubeIDE.app/Contents/Eclipse/plugins/com.st.stm32cube.ide.mcu.externaltools.gnu-tools-for-stm32.10.3-2021.10.macos64_1.0.200.202301161003/tools/bin/../lib/gcc/arm-none-eabi/10.3.1/../../../../arm-none-eabi/lib/thumb/v7e-m+fp/hard/libc_nano.a(lib_a-exit.o) (_global_impure_ptr)
/Applications/STM32CubeIDE.app/Contents/Eclipse/plugins/com.st.stm32cube.ide.mcu.externaltools.gnu-tools-for-stm32.10.3-2021.10.macos64_1.0.200.202301161003/tools/bin/../lib/gcc/arm-none-eabi/10.3.1/../../../../arm-none-eabi/lib/thumb/v7e-m+fp/hard/libc_nano.a(lib_a-init.o)
                              /Applications/STM32CubeIDE.app/Contents/Eclipse/plugins/com.st.stm32cube.ide.mcu.externaltools.gnu-tools-for-stm32.10.3-2021.10.macos64_1.0.200.202301161003/tools/bin/../lib/gcc/arm-none-eabi/10.3.1/../../../../arm-none-eabi/lib/thumb/v7e-m+fp/hard/crt0.o (__libc_init_array)
/Applications/STM32CubeIDE.app/Contents/Eclipse/plugins/com.st.stm32cube.ide.mcu.externaltools.gnu-tools-for-stm32.10.3-2021.10.macos64_1.0.200.202301161003/tools/bin/../lib/gcc/arm-none-eabi/10.3.1/../../../../arm-none-eabi/lib/thumb/v7e-m+fp/hard/libc_nano.a(lib_a-memset.o)
                              /Applications/STM32CubeIDE.app/Contents/Eclipse/plugins/com.st.stm32cube.ide.mcu.externaltools.gnu-tools-for-stm32.10.3-2021.10.macos64_1.0.200.202301161003/tools/bin/../lib/gcc/arm-none-eabi/10.3.1/../../../../arm-none-eabi/lib/thumb/v7e-m+fp/hard/crt0.o (memset)

Discarded input sections

 .text          0x0000000000000000        0x0 /Applications/STM32CubeIDE.app/Contents/Eclipse/plugins/com.st.stm32cube.ide.mcu.externaltools.gnu-tools-for-stm32.10.3-2021.10.macos64_1.0.200.202301161003/tools/bin/../lib/gcc/arm-none-eabi/10.3.1/thumb/v7e-m+fp/hard/crti.o
 .data          0x0000000000000000        0x0 /Applications/STM32CubeIDE.app/Contents/Eclipse/plugins/com.st.stm32cube.ide.mcu.externaltools.gnu-tools-for-stm32.10.3-2021.10.macos64_1.0.200.202301161003/tools/bin/../lib/gcc/arm-none-eabi/10.3.1/thumb/v7e-m+fp/hard/crti.o
 .bss           0x0000000000000000        0x0 /Applications/STM32CubeIDE.app/Contents/Eclipse/plugins/com.st.stm32cube.ide.mcu.externaltools.gnu-tools-for-stm32.10.3-2021.10.macos64_1.0.200.202301161003/tools/bin/../lib/gcc/arm-none-eabi/10.3.1/thumb/v7e-m+fp/hard/crti.o
 .data          0x0000000000000000        0x4 /Applications/STM32CubeIDE.app/Contents/Eclipse/plugins/com.st.stm32cube.ide.mcu.externaltools.gnu-tools-for-stm32.10.3-2021.10.macos64_1.0.200.202301161003/tools/bin/../lib/gcc/arm-none-eabi/10.3.1/thumb/v7e-m+fp/hard/crtbegin.o
 .rodata        0x0000000000000000       0x24 /Applications/STM32CubeIDE.app/Contents/Eclipse/plugins/com.st.stm32cube.ide.mcu.externaltools.gnu-tools-for-stm32.10.3-2021.10.macos64_1.0.200.202301161003/tools/bin/../lib/gcc/arm-none-eabi/10.3.1/thumb/v7e-m+fp/hard/crtbegin.o
 .text          0x0000000000000000       0x7c /Applications/STM32CubeIDE.app/Contents/Eclipse/plugins/com.st.stm32cube.ide.mcu.externaltools.gnu-tools-for-stm32.10.3-2021.10.macos64_1.0.200.202301161003/tools/bin/../lib/gcc/arm-none-eabi/10.3.1/../../../../arm-none-eabi/lib/thumb/v7e-m+fp/hard/crt0.o
 .data          0x0000000000000000        0x0 /Applications/STM32CubeIDE.app/Contents/Eclipse/plugins/com.st.stm32cube.ide.mcu.externaltools.gnu-tools-for-stm32.10.3-2021.10.macos64_1.0.200.202301161003/tools/bin/../lib/gcc/arm-none-eabi/10.3.1/../../../../arm-none-eabi/lib/thumb/v7e-m+fp/hard/crt0.o
[...]
Memory Configuration

Name             Origin             Length             Attributes
RAM              0x0000000020000000 0x0000000000018000 xrw
RAM2             0x0000000010000000 0x0000000000008000 xrw
FLASH            0x0000000008000000 0x0000000000100000 xr
*default*        0x0000000000000000 0xffffffffffffffff

Linker script and memory map

LOAD /Applications/STM32CubeIDE.app/Contents/Eclipse/plugins/com.st.stm32cube.ide.mcu.externaltools.gnu-tools-for-stm32.10.3-2021.10.macos64_1.0.200.202301161003/tools/bin/../lib/gcc/arm-none-eabi/10.3.1/thumb/v7e-m+fp/hard/crti.o
LOAD /Applications/STM32CubeIDE.app/Contents/Eclipse/plugins/com.st.stm32cube.ide.mcu.externaltools.gnu-tools-for-stm32.10.3-2021.10.macos64_1.0.200.202301161003/tools/bin/../lib/gcc/arm-none-eabi/10.3.1/thumb/v7e-m+fp/hard/crtbegin.o
LOAD /Applications/STM32CubeIDE.app/Contents/Eclipse/plugins/com.st.stm32cube.ide.mcu.externaltools.gnu-tools-for-stm32.10.3-2021.10.macos64_1.0.200.202301161003/tools/bin/../lib/gcc/arm-none-eabi/10.3.1/../../../../arm-none-eabi/lib/thumb/v7e-m+fp/hard/crt0.o
LOAD ./Core/Src/DAC_lib/DAC_lib.o
LOAD ./Core/Src/KEYPAD_lib/keypad_lib.o
LOAD ./Core/Src/main.o
LOAD ./Core/Src/stm32l4xx_hal_msp.o
LOAD ./Core/Src/stm32l4xx_it.o
LOAD ./Core/Src/syscalls.o
LOAD ./Core/Src/sysmem.o
LOAD ./Core/Src/system_stm32l4xx.o
LOAD ./Core/Src/waveforms.o
LOAD ./Core/Startup/startup_stm32l476rgtx.o
LOAD ./Drivers/STM32L4xx_HAL_Driver/Src/stm32l4xx_hal.o
LOAD ./Drivers/STM32L4xx_HAL_Driver/Src/stm32l4xx_hal_cortex.o
LOAD ./Drivers/STM32L4xx_HAL_Driver/Src/stm32l4xx_hal_dma.o
LOAD ./Drivers/STM32L4xx_HAL_Driver/Src/stm32l4xx_hal_dma_ex.o
LOAD ./Drivers/STM32L4xx_HAL_Driver/Src/stm32l4xx_hal_exti.o
LOAD ./Drivers/STM32L4xx_HAL_Driver/Src/stm32l4xx_hal_flash.o
LOAD ./Drivers/STM32L4xx_HAL_Driver/Src/stm32l4xx_hal_flash_ex.o
LOAD ./Drivers/STM32L4xx_HAL_Driver/Src/stm32l4xx_hal_flash_ramfunc.o
LOAD ./Drivers/STM32L4xx_HAL_Driver/Src/stm32l4xx_hal_gpio.o
LOAD ./Drivers/STM32L4xx_HAL_Driver/Src/stm32l4xx_hal_pwr.o
LOAD ./Drivers/STM32L4xx_HAL_Driver/Src/stm32l4xx_hal_pwr_ex.o
LOAD ./Drivers/STM32L4xx_HAL_Driver/Src/stm32l4xx_hal_rcc.o
LOAD ./Drivers/STM32L4xx_HAL_Driver/Src/stm32l4xx_hal_rcc_ex.o
START GROUP
LOAD /Applications/STM32CubeIDE.app/Contents/Eclipse/plugins/com.st.stm32cube.ide.mcu.externaltools.gnu-tools-for-stm32.10.3-2021.10.macos64_1.0.200.202301161003/tools/bin/../lib/gcc/arm-none-eabi/10.3.1/../../../../arm-none-eabi/lib/thumb/v7e-m+fp/hard/libc_nano.a
LOAD /Applications/STM32CubeIDE.app/Contents/Eclipse/plugins/com.st.stm32cube.ide.mcu.externaltools.gnu-tools-for-stm32.10.3-2021.10.macos64_1.0.200.202301161003/tools/bin/../lib/gcc/arm-none-eabi/10.3.1/../../../../arm-none-eabi/lib/thumb/v7e-m+fp/hard/libm.a
END GROUP
START GROUP
LOAD /Applications/STM32CubeIDE.app/Contents/Eclipse/plugins/com.st.stm32cube.ide.mcu.externaltools.gnu-tools-for-stm32.10.3-2021.10.macos64_1.0.200.202301161003/tools/bin/../lib/gcc/arm-none-eabi/10.3.1/thumb/v7e-m+fp/hard/libgcc.a
LOAD /Applications/STM32CubeIDE.app/Contents/Eclipse/plugins/com.st.stm32cube.ide.mcu.externaltools.gnu-tools-for-stm32.10.3-2021.10.macos64_1.0.200.202301161003/tools/bin/../lib/gcc/arm-none-eabi/10.3.1/../../../../arm-none-eabi/lib/thumb/v7e-m+fp/hard/libc_nano.a
END GROUP
START GROUP
LOAD /Applications/STM32CubeIDE.app/Contents/Eclipse/plugins/com.st.stm32cube.ide.mcu.externaltools.gnu-tools-for-stm32.10.3-2021.10.macos64_1.0.200.202301161003/tools/bin/../lib/gcc/arm-none-eabi/10.3.1/thumb/v7e-m+fp/hard/libgcc.a
LOAD /Applications/STM32CubeIDE.app/Contents/Eclipse/plugins/com.st.stm32cube.ide.mcu.externaltools.gnu-tools-for-stm32.10.3-2021.10.macos64_1.0.200.202301161003/tools/bin/../lib/gcc/arm-none-eabi/10.3.1/../../../../arm-none-eabi/lib/thumb/v7e-m+fp/hard/libc_nano.a
LOAD /Applications/STM32CubeIDE.app/Contents/Eclipse/plugins/com.st.stm32cube.ide.mcu.externaltools.gnu-tools-for-stm32.10.3-2021.10.macos64_1.0.200.202301161003/tools/bin/../lib/gcc/arm-none-eabi/10.3.1/../../../../arm-none-eabi/lib/thumb/v7e-m+fp/hard/libnosys.a
END GROUP
START GROUP
LOAD /Applications/STM32CubeIDE.app/Contents/Eclipse/plugins/com.st.stm32cube.ide.mcu.externaltools.gnu-tools-for-stm32.10.3-2021.10.macos64_1.0.200.202301161003/tools/bin/../lib/gcc/arm-none-eabi/10.3.1/thumb/v7e-m+fp/hard/libgcc.a
LOAD /Applications/STM32CubeIDE.app/Contents/Eclipse/plugins/com.st.stm32cube.ide.mcu.externaltools.gnu-tools-for-stm32.10.3-2021.10.macos64_1.0.200.202301161003/tools/bin/../lib/gcc/arm-none-eabi/10.3.1/../../../../arm-none-eabi/lib/thumb/v7e-m+fp/hard/libc_nano.a
LOAD /Applications/STM32CubeIDE.app/Contents/Eclipse/plugins/com.st.stm32cube.ide.mcu.externaltools.gnu-tools-for-stm32.10.3-2021.10.macos64_1.0.200.202301161003/tools/bin/../lib/gcc/arm-none-eabi/10.3.1/../../../../arm-none-eabi/lib/thumb/v7e-m+fp/hard/libnosys.a
END GROUP
LOAD /Applications/STM32CubeIDE.app/Contents/Eclipse/plugins/com.st.stm32cube.ide.mcu.externaltools.gnu-tools-for-stm32.10.3-2021.10.macos64_1.0.200.202301161003/tools/bin/../lib/gcc/arm-none-eabi/10.3.1/thumb/v7e-m+fp/hard/crtend.o
LOAD /Applications/STM32CubeIDE.app/Contents/Eclipse/plugins/com.st.stm32cube.ide.mcu.externaltools.gnu-tools-for-stm32.10.3-2021.10.macos64_1.0.200.202301161003/tools/bin/../lib/gcc/arm-none-eabi/10.3.1/thumb/v7e-m+fp/hard/crtn.o
                0x0000000020018000                _estack = (ORIGIN (RAM) + LENGTH (RAM))
                0x0000000000000200                _Min_Heap_Size = 0x200
                0x0000000000000400                _Min_Stack_Size = 0x400

.isr_vector     0x0000000008000000      0x188
                0x0000000008000000                . = ALIGN (0x4)
 *(.isr_vector)
 .isr_vector    0x0000000008000000      0x188 ./Core/Startup/startup_stm32l476rgtx.o
                0x0000000008000000                g_pfnVectors
                0x0000000008000188                . = ALIGN (0x4)

.text           0x0000000008000188     0x1998
                0x0000000008000188                . = ALIGN (0x4)
 *(.text)
 .text          0x0000000008000188       0x40 /Applications/STM32CubeIDE.app/Contents/Eclipse/plugins/com.st.stm32cube.ide.mcu.externaltools.gnu-tools-for-stm32.10.3-2021.10.macos64_1.0.200.202301161003/tools/bin/../lib/gcc/arm-none-eabi/10.3.1/thumb/v7e-m+fp/hard/crtbegin.o
 *(.text*)
 .text.DAC_init
                0x00000000080001c8      0x10c ./Core/Src/DAC_lib/DAC_lib.o
                0x00000000080001c8                DAC_init
 .text.DAC_write
                0x00000000080002d4       0x38 ./Core/Src/DAC_lib/DAC_lib.o
                0x00000000080002d4                DAC_write
 .text.DAC_volt_conv
                0x000000000800030c       0x34 ./Core/Src/DAC_lib/DAC_lib.o
                0x000000000800030c                DAC_volt_conv
 .text.keypad_config
                0x0000000008000340       0x8c ./Core/Src/KEYPAD_lib/keypad_lib.o
                0x0000000008000340                keypad_config
 .text.keypad_getKey
                0x00000000080003cc       0xc0 ./Core/Src/KEYPAD_lib/keypad_lib.o
                0x00000000080003cc                keypad_getKey
 .text.main     0x000000000800048c      0x2e8 ./Core/Src/main.o
                0x000000000800048c                main
 .text.TIM2_IRQHandler
                0x0000000008000774       0x74 ./Core/Src/main.o
                0x0000000008000774                TIM2_IRQHandler
 .text.SystemClock_Config
                0x00000000080007e8       0x8c ./Core/Src/main.o
                0x00000000080007e8                SystemClock_Config
 .text.Error_Handler
                0x0000000008000874        0xa ./Core/Src/main.o
                0x0000000008000874                Error_Handler
 *fill*         0x000000000800087e        0x2 
 .text.HAL_MspInit
                0x0000000008000880       0x48 ./Core/Src/stm32l4xx_hal_msp.o
                0x0000000008000880                HAL_MspInit
 .text.NMI_Handler
                0x00000000080008c8        0x6 ./Core/Src/stm32l4xx_it.o
                0x00000000080008c8                NMI_Handler
 .text.HardFault_Handler
                0x00000000080008ce        0x6 ./Core/Src/stm32l4xx_it.o
                0x00000000080008ce                HardFault_Handler
 .text.MemManage_Handler
                0x00000000080008d4        0x6 ./Core/Src/stm32l4xx_it.o
                0x00000000080008d4                MemManage_Handler
 .text.BusFault_Handler
                0x00000000080008da        0x6 ./Core/Src/stm32l4xx_it.o
                0x00000000080008da                BusFault_Handler
 .text.UsageFault_Handler
                0x00000000080008e0        0x6 ./Core/Src/stm32l4xx_it.o
                0x00000000080008e0                UsageFault_Handler
 .text.SVC_Handler
                0x00000000080008e6        0xe ./Core/Src/stm32l4xx_it.o
                0x00000000080008e6                SVC_Handler
 .text.DebugMon_Handler
                0x00000000080008f4        0xe ./Core/Src/stm32l4xx_it.o
                0x00000000080008f4                DebugMon_Handler
 .text.PendSV_Handler
                0x0000000008000902        0xe ./Core/Src/stm32l4xx_it.o
                0x0000000008000902                PendSV_Handler
 .text.SysTick_Handler
                0x0000000008000910        0xc ./Core/Src/stm32l4xx_it.o
                0x0000000008000910                SysTick_Handler
 .text.SystemInit
                0x000000000800091c       0x24 ./Core/Src/system_stm32l4xx.o
                0x000000000800091c                SystemInit
 .text.waveform
                0x0000000008000940      0x210 ./Core/Src/waveforms.o
                0x0000000008000940                waveform
 .text.Reset_Handler
                0x0000000008000b50       0x50 ./Core/Startup/startup_stm32l476rgtx.o
                0x0000000008000b50                Reset_Handler
 .text.Default_Handler
                0x0000000008000ba0        0x2 ./Core/Startup/startup_stm32l476rgtx.o
                0x0000000008000ba0                TIM1_BRK_TIM15_IRQHandler
                0x0000000008000ba0                EXTI2_IRQHandler
                0x0000000008000ba0                TIM8_TRG_COM_IRQHandler
                0x0000000008000ba0                TIM8_CC_IRQHandler
                0x0000000008000ba0                TIM1_CC_IRQHandler
                0x0000000008000ba0                TSC_IRQHandler
                0x0000000008000ba0                TAMP_STAMP_IRQHandler
                0x0000000008000ba0                EXTI3_IRQHandler
                0x0000000008000ba0                LPTIM2_IRQHandler
                0x0000000008000ba0                DFSDM1_FLT1_IRQHandler
                0x0000000008000ba0                I2C3_ER_IRQHandler
                0x0000000008000ba0                DFSDM1_FLT2_IRQHandler
                0x0000000008000ba0                EXTI0_IRQHandler
                0x0000000008000ba0                I2C2_EV_IRQHandler
                0x0000000008000ba0                CAN1_RX0_IRQHandler
                0x0000000008000ba0                FPU_IRQHandler
                0x0000000008000ba0                TIM1_UP_TIM16_IRQHandler
                0x0000000008000ba0                ADC1_2_IRQHandler
                0x0000000008000ba0                SPI1_IRQHandler
                0x0000000008000ba0                TIM6_DAC_IRQHandler
                0x0000000008000ba0                TIM8_UP_IRQHandler
                0x0000000008000ba0                DMA2_Channel2_IRQHandler
                0x0000000008000ba0                DMA1_Channel4_IRQHandler
                0x0000000008000ba0                SAI2_IRQHandler
                0x0000000008000ba0                DFSDM1_FLT3_IRQHandler
                0x0000000008000ba0                USART3_IRQHandler
                0x0000000008000ba0                DMA1_Channel7_IRQHandler
                0x0000000008000ba0                CAN1_RX1_IRQHandler
                0x0000000008000ba0                LCD_IRQHandler
                0x0000000008000ba0                UART5_IRQHandler
                0x0000000008000ba0                ADC3_IRQHandler
                0x0000000008000ba0                TIM4_IRQHandler
                0x0000000008000ba0                DMA2_Channel1_IRQHandler
                0x0000000008000ba0                QUADSPI_IRQHandler
                0x0000000008000ba0                I2C1_EV_IRQHandler
                0x0000000008000ba0                DMA1_Channel6_IRQHandler
                0x0000000008000ba0                UART4_IRQHandler
                0x0000000008000ba0                DMA2_Channel4_IRQHandler
                0x0000000008000ba0                TIM3_IRQHandler
                0x0000000008000ba0                RCC_IRQHandler
                0x0000000008000ba0                DMA1_Channel1_IRQHandler
                0x0000000008000ba0                Default_Handler
                0x0000000008000ba0                DMA2_Channel7_IRQHandler
                0x0000000008000ba0                EXTI15_10_IRQHandler
                0x0000000008000ba0                TIM7_IRQHandler
                0x0000000008000ba0                SDMMC1_IRQHandler
                0x0000000008000ba0                TIM5_IRQHandler
                0x0000000008000ba0                I2C3_EV_IRQHandler
                0x0000000008000ba0                EXTI9_5_IRQHandler
                0x0000000008000ba0                RTC_WKUP_IRQHandler
                0x0000000008000ba0                PVD_PVM_IRQHandler
                0x0000000008000ba0                SPI2_IRQHandler
                0x0000000008000ba0                CAN1_TX_IRQHandler
                0x0000000008000ba0                DMA2_Channel5_IRQHandler
                0x0000000008000ba0                DMA1_Channel5_IRQHandler
                0x0000000008000ba0                EXTI4_IRQHandler
                0x0000000008000ba0                RNG_IRQHandler
                0x0000000008000ba0                TIM1_TRG_COM_TIM17_IRQHandler
                0x0000000008000ba0                DMA1_Channel3_IRQHandler
                0x0000000008000ba0                COMP_IRQHandler
                0x0000000008000ba0                WWDG_IRQHandler
                0x0000000008000ba0                LPUART1_IRQHandler
                0x0000000008000ba0                DMA2_Channel6_IRQHandler
                0x0000000008000ba0                EXTI1_IRQHandler
                0x0000000008000ba0                USART2_IRQHandler
                0x0000000008000ba0                DFSDM1_FLT0_IRQHandler
                0x0000000008000ba0                I2C2_ER_IRQHandler
                0x0000000008000ba0                DMA1_Channel2_IRQHandler
                0x0000000008000ba0                TIM8_BRK_IRQHandler
                0x0000000008000ba0                CAN1_SCE_IRQHandler
                0x0000000008000ba0                FLASH_IRQHandler
                0x0000000008000ba0                USART1_IRQHandler
                0x0000000008000ba0                OTG_FS_IRQHandler
                0x0000000008000ba0                SPI3_IRQHandler
                0x0000000008000ba0                I2C1_ER_IRQHandler
                0x0000000008000ba0                FMC_IRQHandler
                0x0000000008000ba0                SWPMI1_IRQHandler
                0x0000000008000ba0                LPTIM1_IRQHandler
                0x0000000008000ba0                SAI1_IRQHandler
                0x0000000008000ba0                DMA2_Channel3_IRQHandler
                0x0000000008000ba0                RTC_Alarm_IRQHandler
 .text.HAL_Init
                0x0000000008000ba2       0x30 ./Drivers/STM32L4xx_HAL_Driver/Src/stm32l4xx_hal.o
                0x0000000008000ba2                HAL_Init
 *fill*         0x0000000008000bd2        0x2 
 .text.HAL_InitTick
                0x0000000008000bd4       0x78 ./Drivers/STM32L4xx_HAL_Driver/Src/stm32l4xx_hal.o
                0x0000000008000bd4                HAL_InitTick
 .text.HAL_IncTick
                0x0000000008000c4c       0x28 ./Drivers/STM32L4xx_HAL_Driver/Src/stm32l4xx_hal.o
                0x0000000008000c4c                HAL_IncTick
 .text.HAL_GetTick
                0x0000000008000c74       0x18 ./Drivers/STM32L4xx_HAL_Driver/Src/stm32l4xx_hal.o
                0x0000000008000c74                HAL_GetTick
 .text.__NVIC_SetPriorityGrouping
                0x0000000008000c8c       0x48 ./Drivers/STM32L4xx_HAL_Driver/Src/stm32l4xx_hal_cortex.o
 .text.__NVIC_GetPriorityGrouping
                0x0000000008000cd4       0x1c ./Drivers/STM32L4xx_HAL_Driver/Src/stm32l4xx_hal_cortex.o
 .text.__NVIC_SetPriority
                0x0000000008000cf0       0x54 ./Drivers/STM32L4xx_HAL_Driver/Src/stm32l4xx_hal_cortex.o
 .text.NVIC_EncodePriority
                0x0000000008000d44       0x66 ./Drivers/STM32L4xx_HAL_Driver/Src/stm32l4xx_hal_cortex.o
 *fill*         0x0000000008000daa        0x2 
 .text.SysTick_Config
                0x0000000008000dac       0x44 ./Drivers/STM32L4xx_HAL_Driver/Src/stm32l4xx_hal_cortex.o
 .text.HAL_NVIC_SetPriorityGrouping
                0x0000000008000df0       0x16 ./Drivers/STM32L4xx_HAL_Driver/Src/stm32l4xx_hal_cortex.o
                0x0000000008000df0                HAL_NVIC_SetPriorityGrouping
 .text.HAL_NVIC_SetPriority
                0x0000000008000e06       0x38 ./Drivers/STM32L4xx_HAL_Driver/Src/stm32l4xx_hal_cortex.o
                0x0000000008000e06                HAL_NVIC_SetPriority
 .text.HAL_SYSTICK_Config
                0x0000000008000e3e       0x18 ./Drivers/STM32L4xx_HAL_Driver/Src/stm32l4xx_hal_cortex.o
                0x0000000008000e3e                HAL_SYSTICK_Config
 *fill*         0x0000000008000e56        0x2 
 .text.HAL_PWREx_GetVoltageRange
                0x0000000008000e58       0x1c ./Drivers/STM32L4xx_HAL_Driver/Src/stm32l4xx_hal_pwr_ex.o
                0x0000000008000e58                HAL_PWREx_GetVoltageRange
 .text.HAL_PWREx_ControlVoltageScaling
                0x0000000008000e74       0xac ./Drivers/STM32L4xx_HAL_Driver/Src/stm32l4xx_hal_pwr_ex.o
                0x0000000008000e74                HAL_PWREx_ControlVoltageScaling
 .text.HAL_RCC_OscConfig
                0x0000000008000f20      0x7b8 ./Drivers/STM32L4xx_HAL_Driver/Src/stm32l4xx_hal_rcc.o
                0x0000000008000f20                HAL_RCC_OscConfig
 .text.HAL_RCC_ClockConfig
                0x00000000080016d8      0x200 ./Drivers/STM32L4xx_HAL_Driver/Src/stm32l4xx_hal_rcc.o
                0x00000000080016d8                HAL_RCC_ClockConfig
 .text.HAL_RCC_GetSysClockFreq
                0x00000000080018d8      0x118 ./Drivers/STM32L4xx_HAL_Driver/Src/stm32l4xx_hal_rcc.o
                0x00000000080018d8                HAL_RCC_GetSysClockFreq
 .text.RCC_SetFlashLatencyFromMSIRange
                0x00000000080019f0       0xc0 ./Drivers/STM32L4xx_HAL_Driver/Src/stm32l4xx_hal_rcc.o
 .text.__libc_init_array
                0x0000000008001ab0       0x48 /Applications/STM32CubeIDE.app/Contents/Eclipse/plugins/com.st.stm32cube.ide.mcu.externaltools.gnu-tools-for-stm32.10.3-2021.10.macos64_1.0.200.202301161003/tools/bin/../lib/gcc/arm-none-eabi/10.3.1/../../../../arm-none-eabi/lib/thumb/v7e-m+fp/hard/libc_nano.a(lib_a-init.o)
                0x0000000008001ab0                __libc_init_array
 .text.memset   0x0000000008001af8       0x10 /Applications/STM32CubeIDE.app/Contents/Eclipse/plugins/com.st.stm32cube.ide.mcu.externaltools.gnu-tools-for-stm32.10.3-2021.10.macos64_1.0.200.202301161003/tools/bin/../lib/gcc/arm-none-eabi/10.3.1/../../../../arm-none-eabi/lib/thumb/v7e-m+fp/hard/libc_nano.a(lib_a-memset.o)
                0x0000000008001af8                memset
 *(.glue_7)
 .glue_7        0x0000000008001b08        0x0 linker stubs
 *(.glue_7t)
 .glue_7t       0x0000000008001b08        0x0 linker stubs
 *(.eh_frame)
 .eh_frame      0x0000000008001b08        0x0 /Applications/STM32CubeIDE.app/Contents/Eclipse/plugins/com.st.stm32cube.ide.mcu.externaltools.gnu-tools-for-stm32.10.3-2021.10.macos64_1.0.200.202301161003/tools/bin/../lib/gcc/arm-none-eabi/10.3.1/thumb/v7e-m+fp/hard/crtbegin.o
 *(.init)
 .init          0x0000000008001b08        0x4 /Applications/STM32CubeIDE.app/Contents/Eclipse/plugins/com.st.stm32cube.ide.mcu.externaltools.gnu-tools-for-stm32.10.3-2021.10.macos64_1.0.200.202301161003/tools/bin/../lib/gcc/arm-none-eabi/10.3.1/thumb/v7e-m+fp/hard/crti.o
                0x0000000008001b08                _init
 .init          0x0000000008001b0c        0x8 /Applications/STM32CubeIDE.app/Contents/Eclipse/plugins/com.st.stm32cube.ide.mcu.externaltools.gnu-tools-for-stm32.10.3-2021.10.macos64_1.0.200.202301161003/tools/bin/../lib/gcc/arm-none-eabi/10.3.1/thumb/v7e-m+fp/hard/crtn.o
 *(.fini)
 .fini          0x0000000008001b14        0x4 /Applications/STM32CubeIDE.app/Contents/Eclipse/plugins/com.st.stm32cube.ide.mcu.externaltools.gnu-tools-for-stm32.10.3-2021.10.macos64_1.0.200.202301161003/tools/bin/../lib/gcc/arm-none-eabi/10.3.1/thumb/v7e-m+fp/hard/crti.o
                0x0000000008001b14                _fini
 .fini          0x0000000008001b18        0x8 /Applications/STM32CubeIDE.app/Contents/Eclipse/plugins/com.st.stm32cube.ide.mcu.externaltools.gnu-tools-for-stm32.10.3-2021.10.macos64_1.0.200.202301161003/tools/bin/../lib/gcc/arm-none-eabi/10.3.1/thumb/v7e-m+fp/hard/crtn.o
                0x0000000008001b20                . = ALIGN (0x4)
                0x0000000008001b20                _etext = .

.vfp11_veneer   0x0000000008001b20        0x0
 .vfp11_veneer  0x0000000008001b20        0x0 linker stubs

.v4_bx          0x0000000008001b20        0x0
 .v4_bx         0x0000000008001b20        0x0 linker stubs

.iplt           0x0000000008001b20        0x0
 .iplt          0x0000000008001b20        0x0 /Applications/STM32CubeIDE.app/Contents/Eclipse/plugins/com.st.stm32cube.ide.mcu.externaltools.gnu-tools-for-stm32.10.3-2021.10.macos64_1.0.200.202301161003/tools/bin/../lib/gcc/arm-none-eabi/10.3.1/thumb/v7e-m+fp/hard/crtbegin.o

.rodata         0x0000000008001b20      0x7d0
                0x0000000008001b20                . = ALIGN (0x4)
 *(.rodata)
 *(.rodata*)
 .rodata.keypad_matrix
                0x0000000008001b20       0x10 ./Core/Src/KEYPAD_lib/keypad_lib.o
                0x0000000008001b20                keypad_matrix
 .rodata.AHBPrescTable
                0x0000000008001b30       0x10 ./Core/Src/system_stm32l4xx.o
                0x0000000008001b30                AHBPrescTable
 .rodata.MSIRangeTable
                0x0000000008001b40       0x30 ./Core/Src/system_stm32l4xx.o
                0x0000000008001b40                MSIRangeTable
 .rodata.sineTable100
                0x0000000008001b70      0x348 ./Core/Src/waveforms.o
 .rodata.sineTable200
                0x0000000008001eb8      0x1a4 ./Core/Src/waveforms.o
 .rodata.sineTable300
                0x000000000800205c      0x118 ./Core/Src/waveforms.o
 .rodata.sineTable400
                0x0000000008002174       0xd2 ./Core/Src/waveforms.o
 *fill*         0x0000000008002246        0x2 
 .rodata.sineTable500
                0x0000000008002248       0xa8 ./Core/Src/waveforms.o
                0x00000000080022f0                . = ALIGN (0x4)

.rel.dyn        0x00000000080022f0        0x0
 .rel.iplt      0x00000000080022f0        0x0 /Applications/STM32CubeIDE.app/Contents/Eclipse/plugins/com.st.stm32cube.ide.mcu.externaltools.gnu-tools-for-stm32.10.3-2021.10.macos64_1.0.200.202301161003/tools/bin/../lib/gcc/arm-none-eabi/10.3.1/thumb/v7e-m+fp/hard/crtbegin.o

.ARM.extab      0x00000000080022f0        0x0
                0x00000000080022f0                . = ALIGN (0x4)
 *(.ARM.extab* .gnu.linkonce.armextab.*)
                0x00000000080022f0                . = ALIGN (0x4)

.ARM            0x00000000080022f0        0x0
                0x00000000080022f0                . = ALIGN (0x4)
                0x00000000080022f0                __exidx_start = .
 *(.ARM.exidx*)
                0x00000000080022f0                __exidx_end = .
                0x00000000080022f0                . = ALIGN (0x4)

.preinit_array  0x00000000080022f0        0x0
                0x00000000080022f0                . = ALIGN (0x4)
                0x00000000080022f0                PROVIDE (__preinit_array_start = .)
 *(.preinit_array*)
                0x00000000080022f0                PROVIDE (__preinit_array_end = .)
                0x00000000080022f0                . = ALIGN (0x4)

.init_array     0x00000000080022f0        0x4
                0x00000000080022f0                . = ALIGN (0x4)
                0x00000000080022f0                PROVIDE (__init_array_start = .)
 *(SORT_BY_NAME(.init_array.*))
 *(.init_array*)
 .init_array    0x00000000080022f0        0x4 /Applications/STM32CubeIDE.app/Contents/Eclipse/plugins/com.st.stm32cube.ide.mcu.externaltools.gnu-tools-for-stm32.10.3-2021.10.macos64_1.0.200.202301161003/tools/bin/../lib/gcc/arm-none-eabi/10.3.1/thumb/v7e-m+fp/hard/crtbegin.o
                0x00000000080022f4                PROVIDE (__init_array_end = .)
                0x00000000080022f4                . = ALIGN (0x4)

.fini_array     0x00000000080022f4        0x4
                0x00000000080022f4                . = ALIGN (0x4)
                [!provide]                        PROVIDE (__fini_array_start = .)
 *(SORT_BY_NAME(.fini_array.*))
 *(.fini_array*)
 .fini_array    0x00000000080022f4        0x4 /Applications/STM32CubeIDE.app/Contents/Eclipse/plugins/com.st.stm32cube.ide.mcu.externaltools.gnu-tools-for-stm32.10.3-2021.10.macos64_1.0.200.202301161003/tools/bin/../lib/gcc/arm-none-eabi/10.3.1/thumb/v7e-m+fp/hard/crtbegin.o
                [!provide]                        PROVIDE (__fini_array_end = .)
                0x00000000080022f8                . = ALIGN (0x4)
                0x00000000080022f8                _sidata = LOADADDR (.data)

.data           0x0000000020000000        0xc load address 0x00000000080022f8
                0x0000000020000000                . = ALIGN (0x4)
                0x0000000020000000                _sdata = .
 *(.data)
 *(.data*)
 .data.SystemCoreClock
                0x0000000020000000        0x4 ./Core/Src/system_stm32l4xx.o
                0x0000000020000000                SystemCoreClock
 .data.uwTickPrio
                0x0000000020000004        0x4 ./Drivers/STM32L4xx_HAL_Driver/Src/stm32l4xx_hal.o
                0x0000000020000004                uwTickPrio
 .data.uwTickFreq
                0x0000000020000008        0x1 ./Drivers/STM32L4xx_HAL_Driver/Src/stm32l4xx_hal.o
                0x0000000020000008                uwTickFreq
 *(.RamFunc)
 *(.RamFunc*)
                0x000000002000000c                . = ALIGN (0x4)
 *fill*         0x0000000020000009        0x3 
                0x000000002000000c                _edata = .

.igot.plt       0x000000002000000c        0x0 load address 0x0000000008002304
 .igot.plt      0x000000002000000c        0x0 /Applications/STM32CubeIDE.app/Contents/Eclipse/plugins/com.st.stm32cube.ide.mcu.externaltools.gnu-tools-for-stm32.10.3-2021.10.macos64_1.0.200.202301161003/tools/bin/../lib/gcc/arm-none-eabi/10.3.1/thumb/v7e-m+fp/hard/crtbegin.o
                0x000000002000000c                . = ALIGN (0x4)

.bss            0x000000002000000c      0x6b8 load address 0x0000000008002304
                0x000000002000000c                _sbss = .
                0x000000002000000c                __bss_start__ = _sbss
 *(.bss)
 .bss           0x000000002000000c       0x1c /Applications/STM32CubeIDE.app/Contents/Eclipse/plugins/com.st.stm32cube.ide.mcu.externaltools.gnu-tools-for-stm32.10.3-2021.10.macos64_1.0.200.202301161003/tools/bin/../lib/gcc/arm-none-eabi/10.3.1/thumb/v7e-m+fp/hard/crtbegin.o
 *(.bss*)
 .bss.points    0x0000000020000028        0x4 ./Core/Src/main.o
 .bss.idx       0x000000002000002c        0x2 ./Core/Src/main.o
                0x000000002000002c                idx
 .bss.size      0x000000002000002e        0x2 ./Core/Src/main.o
                0x000000002000002e                size
 .bss.points.0  0x0000000020000030      0x690 ./Core/Src/waveforms.o
 .bss.uwTick    0x00000000200006c0        0x4 ./Drivers/STM32L4xx_HAL_Driver/Src/stm32l4xx_hal.o
                0x00000000200006c0                uwTick
 *(COMMON)
                0x00000000200006c4                . = ALIGN (0x4)
                0x00000000200006c4                _ebss = .
                0x00000000200006c4                __bss_end__ = _ebss

._user_heap_stack
                0x00000000200006c4      0x604 load address 0x0000000008002304
                0x00000000200006c8                . = ALIGN (0x8)
 *fill*         0x00000000200006c4        0x4 
                [!provide]                        PROVIDE (end = .)
                0x00000000200006c8                PROVIDE (_end = .)
                0x00000000200008c8                . = (. + _Min_Heap_Size)
 *fill*         0x00000000200006c8      0x200 
                0x0000000020000cc8                . = (. + _Min_Stack_Size)
 *fill*         0x00000000200008c8      0x400 
                0x0000000020000cc8                . = ALIGN (0x8)

/DISCARD/
 libc.a(*)
 libm.a(*)
 libgcc.a(*)

.ARM.attributes
                0x0000000000000000       0x30
 *(.ARM.attributes)
 .ARM.attributes
                0x0000000000000000       0x1e /Applications/STM32CubeIDE.app/Contents/Eclipse/plugins/com.st.stm32cube.ide.mcu.externaltools.gnu-tools-for-stm32.10.3-2021.10.macos64_1.0.200.202301161003/tools/bin/../lib/gcc/arm-none-eabi/10.3.1/thumb/v7e-m+fp/hard/crti.o
 .ARM.attributes
                0x000000000000001e       0x34 /Applications/STM32CubeIDE.app/Contents/Eclipse/plugins/com.st.stm32cube.ide.mcu.externaltools.gnu-tools-for-stm32.10.3-2021.10.macos64_1.0.200.202301161003/tools/bin/../lib/gcc/arm-none-eabi/10.3.1/thumb/v7e-m+fp/hard/crtbegin.o
 .ARM.attributes
                0x0000000000000052       0x34 ./Core/Src/DAC_lib/DAC_lib.o
 .ARM.attributes
                0x0000000000000086       0x34 ./Core/Src/KEYPAD_lib/keypad_lib.o
 .ARM.attributes
                0x00000000000000ba       0x34 ./Core/Src/main.o
 .ARM.attributes
                0x00000000000000ee       0x34 ./Core/Src/stm32l4xx_hal_msp.o
 .ARM.attributes
                0x0000000000000122       0x34 ./Core/Src/stm32l4xx_it.o
 .ARM.attributes
                0x0000000000000156       0x34 ./Core/Src/system_stm32l4xx.o
 .ARM.attributes
                0x000000000000018a       0x34 ./Core/Src/waveforms.o
 .ARM.attributes
                0x00000000000001be       0x21 ./Core/Startup/startup_stm32l476rgtx.o
 .ARM.attributes
                0x00000000000001df       0x34 ./Drivers/STM32L4xx_HAL_Driver/Src/stm32l4xx_hal.o
 .ARM.attributes
                0x0000000000000213       0x34 ./Drivers/STM32L4xx_HAL_Driver/Src/stm32l4xx_hal_cortex.o
 .ARM.attributes
                0x0000000000000247       0x34 ./Drivers/STM32L4xx_HAL_Driver/Src/stm32l4xx_hal_pwr_ex.o
 .ARM.attributes
                0x000000000000027b       0x34 ./Drivers/STM32L4xx_HAL_Driver/Src/stm32l4xx_hal_rcc.o
 .ARM.attributes
                0x00000000000002af       0x34 /Applications/STM32CubeIDE.app/Contents/Eclipse/plugins/com.st.stm32cube.ide.mcu.externaltools.gnu-tools-for-stm32.10.3-2021.10.macos64_1.0.200.202301161003/tools/bin/../lib/gcc/arm-none-eabi/10.3.1/../../../../arm-none-eabi/lib/thumb/v7e-m+fp/hard/libc_nano.a(lib_a-init.o)
 .ARM.attributes
                0x00000000000002e3       0x34 /Applications/STM32CubeIDE.app/Contents/Eclipse/plugins/com.st.stm32cube.ide.mcu.externaltools.gnu-tools-for-stm32.10.3-2021.10.macos64_1.0.200.202301161003/tools/bin/../lib/gcc/arm-none-eabi/10.3.1/../../../../arm-none-eabi/lib/thumb/v7e-m+fp/hard/libc_nano.a(lib_a-memset.o)
 .ARM.attributes
                0x0000000000000317       0x1e /Applications/STM32CubeIDE.app/Contents/Eclipse/plugins/com.st.stm32cube.ide.mcu.externaltools.gnu-tools-for-stm32.10.3-2021.10.macos64_1.0.200.202301161003/tools/bin/../lib/gcc/arm-none-eabi/10.3.1/thumb/v7e-m+fp/hard/crtn.o
OUTPUT(P1FunctionGenerator.elf elf32-littlearm)
LOAD linker stubs
LOAD /Applications/STM32CubeIDE.app/Contents/Eclipse/plugins/com.st.stm32cube.ide.mcu.externaltools.gnu-tools-for-stm32.10.3-2021.10.macos64_1.0.200.202301161003/tools/bin/../lib/gcc/arm-none-eabi/10.3.1/../../../../arm-none-eabi/lib/thumb/v7e-m+fp/hard/libc.a
LOAD /Applications/STM32CubeIDE.app/Contents/Eclipse/plugins/com.st.stm32cube.ide.mcu.externaltools.gnu-tools-for-stm32.10.3-2021.10.macos64_1.0.200.202301161003/tools/bin/../lib/gcc/arm-none-eabi/10.3.1/../../../../arm-none-eabi/lib/thumb/v7e-m+fp/hard/libm.a
LOAD /Applications/STM32CubeIDE.app/Contents/Eclipse/plugins/com.st.stm32cube.ide.mcu.externaltools.gnu-tools-for-stm32.10.3-2021.10.macos64_1.0.200.202301161003/tools/bin/../lib/gcc/arm-none-eabi/10.3.1/thumb/v7e-m+fp/hard/libgcc.a

.debug_info     0x0000000000000000     0x53a9
 .debug_info    0x0000000000000000      0x496 ./Core/Src/DAC_lib/DAC_lib.o
 .debug_info    0x0000000000000496      0x46f ./Core/Src/KEYPAD_lib/keypad_lib.o
 .debug_info    0x0000000000000905      0xd06 ./Core/Src/main.o
 .debug_info    0x000000000000160b      0x308 ./Core/Src/stm32l4xx_hal_msp.o
 .debug_info    0x0000000000001913      0x122 ./Core/Src/stm32l4xx_it.o
 .debug_info    0x0000000000001a35      0x5c6 ./Core/Src/system_stm32l4xx.o
 .debug_info    0x0000000000001ffb      0x359 ./Core/Src/waveforms.o
 .debug_info    0x0000000000002354       0x22 ./Core/Startup/startup_stm32l476rgtx.o
 .debug_info    0x0000000000002376      0xb35 ./Drivers/STM32L4xx_HAL_Driver/Src/stm32l4xx_hal.o
 .debug_info    0x0000000000002eab      0xe21 ./Drivers/STM32L4xx_HAL_Driver/Src/stm32l4xx_hal_cortex.o
 .debug_info    0x0000000000003ccc      0x9f0 ./Drivers/STM32L4xx_HAL_Driver/Src/stm32l4xx_hal_pwr_ex.o
 .debug_info    0x00000000000046bc      0xced ./Drivers/STM32L4xx_HAL_Driver/Src/stm32l4xx_hal_rcc.o

.debug_abbrev   0x0000000000000000     0x1236
 .debug_abbrev  0x0000000000000000      0x10b ./Core/Src/DAC_lib/DAC_lib.o
 .debug_abbrev  0x000000000000010b      0x112 ./Core/Src/KEYPAD_lib/keypad_lib.o
 .debug_abbrev  0x000000000000021d      0x2bb ./Core/Src/main.o
 .debug_abbrev  0x00000000000004d8       0xc2 ./Core/Src/stm32l4xx_hal_msp.o
 .debug_abbrev  0x000000000000059a       0x74 ./Core/Src/stm32l4xx_it.o
 .debug_abbrev  0x000000000000060e      0x116 ./Core/Src/system_stm32l4xx.o
 .debug_abbrev  0x0000000000000724      0x100 ./Core/Src/waveforms.o
 .debug_abbrev  0x0000000000000824       0x12 ./Core/Startup/startup_stm32l476rgtx.o
 .debug_abbrev  0x0000000000000836      0x23a ./Drivers/STM32L4xx_HAL_Driver/Src/stm32l4xx_hal.o
 .debug_abbrev  0x0000000000000a70      0x316 ./Drivers/STM32L4xx_HAL_Driver/Src/stm32l4xx_hal_cortex.o
 .debug_abbrev  0x0000000000000d86      0x1f3 ./Drivers/STM32L4xx_HAL_Driver/Src/stm32l4xx_hal_pwr_ex.o
 .debug_abbrev  0x0000000000000f79      0x2bd ./Drivers/STM32L4xx_HAL_Driver/Src/stm32l4xx_hal_rcc.o

.debug_aranges  0x0000000000000000      0x5b8
 .debug_aranges
                0x0000000000000000       0x30 ./Core/Src/DAC_lib/DAC_lib.o
 .debug_aranges
                0x0000000000000030       0x28 ./Core/Src/KEYPAD_lib/keypad_lib.o
 .debug_aranges
                0x0000000000000058       0x38 ./Core/Src/main.o
 .debug_aranges
                0x0000000000000090       0x20 ./Core/Src/stm32l4xx_hal_msp.o
 .debug_aranges
                0x00000000000000b0       0x60 ./Core/Src/stm32l4xx_it.o
 .debug_aranges
                0x0000000000000110       0x28 ./Core/Src/system_stm32l4xx.o
 .debug_aranges
                0x0000000000000138       0x20 ./Core/Src/waveforms.o
 .debug_aranges
                0x0000000000000158       0x28 ./Core/Startup/startup_stm32l476rgtx.o
 .debug_aranges
                0x0000000000000180      0x130 ./Drivers/STM32L4xx_HAL_Driver/Src/stm32l4xx_hal.o
 .debug_aranges
                0x00000000000002b0      0x118 ./Drivers/STM32L4xx_HAL_Driver/Src/stm32l4xx_hal_cortex.o
 .debug_aranges
                0x00000000000003c8      0x160 ./Drivers/STM32L4xx_HAL_Driver/Src/stm32l4xx_hal_pwr_ex.o
 .debug_aranges
                0x0000000000000528       0x90 ./Drivers/STM32L4xx_HAL_Driver/Src/stm32l4xx_hal_rcc.o

.debug_ranges   0x0000000000000000      0x530
 .debug_ranges  0x0000000000000000       0x20 ./Core/Src/DAC_lib/DAC_lib.o
 .debug_ranges  0x0000000000000020       0x18 ./Core/Src/KEYPAD_lib/keypad_lib.o
 .debug_ranges  0x0000000000000038       0x58 ./Core/Src/main.o
 .debug_ranges  0x0000000000000090       0x10 ./Core/Src/stm32l4xx_hal_msp.o
 .debug_ranges  0x00000000000000a0       0x50 ./Core/Src/stm32l4xx_it.o
 .debug_ranges  0x00000000000000f0       0x18 ./Core/Src/system_stm32l4xx.o
 .debug_ranges  0x0000000000000108       0x10 ./Core/Src/waveforms.o
 .debug_ranges  0x0000000000000118       0x20 ./Core/Startup/startup_stm32l476rgtx.o
 .debug_ranges  0x0000000000000138      0x120 ./Drivers/STM32L4xx_HAL_Driver/Src/stm32l4xx_hal.o
 .debug_ranges  0x0000000000000258      0x108 ./Drivers/STM32L4xx_HAL_Driver/Src/stm32l4xx_hal_cortex.o
 .debug_ranges  0x0000000000000360      0x150 ./Drivers/STM32L4xx_HAL_Driver/Src/stm32l4xx_hal_pwr_ex.o
 .debug_ranges  0x00000000000004b0       0x80 ./Drivers/STM32L4xx_HAL_Driver/Src/stm32l4xx_hal_rcc.o

.debug_macro    0x0000000000000000    0x24fd0
 .debug_macro   0x0000000000000000      0x1b2 ./Core/Src/DAC_lib/DAC_lib.o
 .debug_macro   0x00000000000001b2      0xa78 ./Core/Src/DAC_lib/DAC_lib.o
 .debug_macro   0x0000000000000c2a      0x19b ./Core/Src/DAC_lib/DAC_lib.o
 .debug_macro   0x0000000000000dc5       0x2e ./Core/Src/DAC_lib/DAC_lib.o
 .debug_macro   0x0000000000000df3       0x28 ./Core/Src/DAC_lib/DAC_lib.o
 .debug_macro   0x0000000000000e1b       0x22 ./Core/Src/DAC_lib/DAC_lib.o
 .debug_macro   0x0000000000000e3d       0x8e ./Core/Src/DAC_lib/DAC_lib.o
 .debug_macro   0x0000000000000ecb       0x51 ./Core/Src/DAC_lib/DAC_lib.o
 .debug_macro   0x0000000000000f1c      0x103 ./Core/Src/DAC_lib/DAC_lib.o
 .debug_macro   0x000000000000101f       0x6a ./Core/Src/DAC_lib/DAC_lib.o
 .debug_macro   0x0000000000001089      0x1df ./Core/Src/DAC_lib/DAC_lib.o
 .debug_macro   0x0000000000001268       0x1c ./Core/Src/DAC_lib/DAC_lib.o
 .debug_macro   0x0000000000001284       0x22 ./Core/Src/DAC_lib/DAC_lib.o
 .debug_macro   0x00000000000012a6       0xfb ./Core/Src/DAC_lib/DAC_lib.o
 .debug_macro   0x00000000000013a1     0x1011 ./Core/Src/DAC_lib/DAC_lib.o
 .debug_macro   0x00000000000023b2      0x11f ./Core/Src/DAC_lib/DAC_lib.o
 .debug_macro   0x00000000000024d1    0x1a17a ./Core/Src/DAC_lib/DAC_lib.o
 .debug_macro   0x000000000001c64b       0x6d ./Core/Src/DAC_lib/DAC_lib.o
 .debug_macro   0x000000000001c6b8     0x38e6 ./Core/Src/DAC_lib/DAC_lib.o
 .debug_macro   0x000000000001ff9e      0x174 ./Core/Src/DAC_lib/DAC_lib.o
 .debug_macro   0x0000000000020112       0x5c ./Core/Src/DAC_lib/DAC_lib.o
 .debug_macro   0x000000000002016e     0x159e ./Core/Src/DAC_lib/DAC_lib.o
 .debug_macro   0x000000000002170c      0x5a5 ./Core/Src/DAC_lib/DAC_lib.o
 .debug_macro   0x0000000000021cb1      0x1b9 ./Core/Src/DAC_lib/DAC_lib.o
 .debug_macro   0x0000000000021e6a      0x18b ./Core/Src/DAC_lib/DAC_lib.o
 .debug_macro   0x0000000000021ff5      0x26b ./Core/Src/DAC_lib/DAC_lib.o
 .debug_macro   0x0000000000022260      0x23d ./Core/Src/DAC_lib/DAC_lib.o
 .debug_macro   0x000000000002249d      0x241 ./Core/Src/DAC_lib/DAC_lib.o
 .debug_macro   0x00000000000226de      0x37c ./Core/Src/DAC_lib/DAC_lib.o
 .debug_macro   0x0000000000022a5a       0xd6 ./Core/Src/DAC_lib/DAC_lib.o
 .debug_macro   0x0000000000022b30      0x122 ./Core/Src/DAC_lib/DAC_lib.o
 .debug_macro   0x0000000000022c52      0x3ef ./Core/Src/DAC_lib/DAC_lib.o
 .debug_macro   0x0000000000023041      0x330 ./Core/Src/DAC_lib/DAC_lib.o
 .debug_macro   0x0000000000023371      0x1b1 ./Core/Src/KEYPAD_lib/keypad_lib.o
 .debug_macro   0x0000000000023522       0x16 ./Core/Src/KEYPAD_lib/keypad_lib.o
 .debug_macro   0x0000000000023538      0x2ac ./Core/Src/main.o
 .debug_macro   0x00000000000237e4       0x1c ./Core/Src/main.o
 .debug_macro   0x0000000000023800       0x10 ./Core/Src/main.o
 .debug_macro   0x0000000000023810       0x52 ./Core/Src/main.o
 .debug_macro   0x0000000000023862       0x1e ./Core/Src/main.o
 .debug_macro   0x0000000000023880       0x3c ./Core/Src/main.o
 .debug_macro   0x00000000000238bc       0x34 ./Core/Src/main.o
 .debug_macro   0x00000000000238f0       0x16 ./Core/Src/main.o
 .debug_macro   0x0000000000023906       0x43 ./Core/Src/main.o
 .debug_macro   0x0000000000023949       0x34 ./Core/Src/main.o
 .debug_macro   0x000000000002397d       0x10 ./Core/Src/main.o
 .debug_macro   0x000000000002398d       0x58 ./Core/Src/main.o
 .debug_macro   0x00000000000239e5       0x71 ./Core/Src/main.o
 .debug_macro   0x0000000000023a56       0x1c ./Core/Src/main.o
 .debug_macro   0x0000000000023a72      0x12a ./Core/Src/main.o
 .debug_macro   0x0000000000023b9c      0x341 ./Core/Src/main.o
 .debug_macro   0x0000000000023edd      0x19b ./Core/Src/main.o
 .debug_macro   0x0000000000024078       0x16 ./Core/Src/main.o
 .debug_macro   0x000000000002408e       0x35 ./Core/Src/main.o
 .debug_macro   0x00000000000240c3       0x16 ./Core/Src/main.o
 .debug_macro   0x00000000000240d9       0x29 ./Core/Src/main.o
 .debug_macro   0x0000000000024102       0x3a ./Core/Src/main.o
 .debug_macro   0x000000000002413c      0x1a2 ./Core/Src/stm32l4xx_hal_msp.o
 .debug_macro   0x00000000000242de      0x1ac ./Core/Src/stm32l4xx_it.o
 .debug_macro   0x000000000002448a      0x198 ./Core/Src/system_stm32l4xx.o
 .debug_macro   0x0000000000024622      0x29a ./Core/Src/waveforms.o
 .debug_macro   0x00000000000248bc      0x1e6 ./Drivers/STM32L4xx_HAL_Driver/Src/stm32l4xx_hal.o
 .debug_macro   0x0000000000024aa2      0x198 ./Drivers/STM32L4xx_HAL_Driver/Src/stm32l4xx_hal_cortex.o
 .debug_macro   0x0000000000024c3a      0x1bc ./Drivers/STM32L4xx_HAL_Driver/Src/stm32l4xx_hal_pwr_ex.o
 .debug_macro   0x0000000000024df6      0x1da ./Drivers/STM32L4xx_HAL_Driver/Src/stm32l4xx_hal_rcc.o

.debug_line     0x0000000000000000     0x692a
 .debug_line    0x0000000000000000      0x724 ./Core/Src/DAC_lib/DAC_lib.o
 .debug_line    0x0000000000000724      0x750 ./Core/Src/KEYPAD_lib/keypad_lib.o
 .debug_line    0x0000000000000e74      0xa27 ./Core/Src/main.o
 .debug_line    0x000000000000189b      0x68c ./Core/Src/stm32l4xx_hal_msp.o
 .debug_line    0x0000000000001f27      0x74f ./Core/Src/stm32l4xx_it.o
 .debug_line    0x0000000000002676      0x724 ./Core/Src/system_stm32l4xx.o
 .debug_line    0x0000000000002d9a      0x8ff ./Core/Src/waveforms.o
 .debug_line    0x0000000000003699       0x88 ./Core/Startup/startup_stm32l476rgtx.o
 .debug_line    0x0000000000003721      0xa7c ./Drivers/STM32L4xx_HAL_Driver/Src/stm32l4xx_hal.o
 .debug_line    0x000000000000419d      0xc23 ./Drivers/STM32L4xx_HAL_Driver/Src/stm32l4xx_hal_cortex.o
 .debug_line    0x0000000000004dc0      0xc74 ./Drivers/STM32L4xx_HAL_Driver/Src/stm32l4xx_hal_pwr_ex.o
 .debug_line    0x0000000000005a34      0xef6 ./Drivers/STM32L4xx_HAL_Driver/Src/stm32l4xx_hal_rcc.o

.debug_str      0x0000000000000000    0xe172c
 .debug_str     0x0000000000000000    0xdc2d2 ./Core/Src/DAC_lib/DAC_lib.o
                                      0xdc581 (size before relaxing)
 .debug_str     0x00000000000dc2d2       0xdd ./Core/Src/KEYPAD_lib/keypad_lib.o
                                      0xdc5dd (size before relaxing)
 .debug_str     0x00000000000dc3af     0x3e80 ./Core/Src/main.o
                                      0xe0538 (size before relaxing)
 .debug_str     0x00000000000e022f       0x33 ./Core/Src/stm32l4xx_hal_msp.o
                                      0xdc4e1 (size before relaxing)
 .debug_str     0x00000000000e0262       0xc9 ./Core/Src/stm32l4xx_it.o
                                      0xdc41a (size before relaxing)
 .debug_str     0x00000000000e032b       0xf2 ./Core/Src/system_stm32l4xx.o
                                      0xdc5a8 (size before relaxing)
 .debug_str     0x00000000000e041d       0x31 ./Core/Src/waveforms.o
                                      0xdfb6d (size before relaxing)
 .debug_str     0x00000000000e044e       0x36 ./Core/Startup/startup_stm32l476rgtx.o
                                         0x80 (size before relaxing)
 .debug_str     0x00000000000e0484      0x670 ./Drivers/STM32L4xx_HAL_Driver/Src/stm32l4xx_hal.o
                                      0xdd13b (size before relaxing)
 .debug_str     0x00000000000e0af4      0x31e ./Drivers/STM32L4xx_HAL_Driver/Src/stm32l4xx_hal_cortex.o
                                      0xdcdef (size before relaxing)
 .debug_str     0x00000000000e0e12      0x52a ./Drivers/STM32L4xx_HAL_Driver/Src/stm32l4xx_hal_pwr_ex.o
                                      0xdcb03 (size before relaxing)
 .debug_str     0x00000000000e133c      0x3f0 ./Drivers/STM32L4xx_HAL_Driver/Src/stm32l4xx_hal_rcc.o
                                      0xdcbee (size before relaxing)

.comment        0x0000000000000000       0x50
 .comment       0x0000000000000000       0x50 ./Core/Src/DAC_lib/DAC_lib.o
                                         0x51 (size before relaxing)
 .comment       0x0000000000000050       0x51 ./Core/Src/KEYPAD_lib/keypad_lib.o
 .comment       0x0000000000000050       0x51 ./Core/Src/main.o
 .comment       0x0000000000000050       0x51 ./Core/Src/stm32l4xx_hal_msp.o
 .comment       0x0000000000000050       0x51 ./Core/Src/stm32l4xx_it.o
 .comment       0x0000000000000050       0x51 ./Core/Src/system_stm32l4xx.o
 .comment       0x0000000000000050       0x51 ./Core/Src/waveforms.o
 .comment       0x0000000000000050       0x51 ./Drivers/STM32L4xx_HAL_Driver/Src/stm32l4xx_hal.o
 .comment       0x0000000000000050       0x51 ./Drivers/STM32L4xx_HAL_Driver/Src/stm32l4xx_hal_cortex.o
 .comment       0x0000000000000050       0x51 ./Drivers/STM32L4xx_HAL_Driver/Src/stm32l4xx_hal_pwr_ex.o
 .comment       0x0000000000000050       0x51 ./Drivers/STM32L4xx_HAL_Driver/Src/stm32l4xx_hal_rcc.o

.debug_frame    0x0000000000000000     0x1448
 .debug_frame   0x0000000000000000       0x80 ./Core/Src/DAC_lib/DAC_lib.o
 .debug_frame   0x0000000000000080       0x58 ./Core/Src/KEYPAD_lib/keypad_lib.o
 .debug_frame   0x00000000000000d8       0x88 ./Core/Src/main.o
 .debug_frame   0x0000000000000160       0x38 ./Core/Src/stm32l4xx_hal_msp.o
 .debug_frame   0x0000000000000198      0x104 ./Core/Src/stm32l4xx_it.o
 .debug_frame   0x000000000000029c       0x58 ./Core/Src/system_stm32l4xx.o
 .debug_frame   0x00000000000002f4       0x38 ./Core/Src/waveforms.o
 .debug_frame   0x000000000000032c      0x498 ./Drivers/STM32L4xx_HAL_Driver/Src/stm32l4xx_hal.o
 .debug_frame   0x00000000000007c4      0x498 ./Drivers/STM32L4xx_HAL_Driver/Src/stm32l4xx_hal_cortex.o
 .debug_frame   0x0000000000000c5c      0x584 ./Drivers/STM32L4xx_HAL_Driver/Src/stm32l4xx_hal_pwr_ex.o
 .debug_frame   0x00000000000011e0      0x21c ./Drivers/STM32L4xx_HAL_Driver/Src/stm32l4xx_hal_rcc.o
 .debug_frame   0x00000000000013fc       0x2c /Applications/STM32CubeIDE.app/Contents/Eclipse/plugins/com.st.stm32cube.ide.mcu.externaltools.gnu-tools-for-stm32.10.3-2021.10.macos64_1.0.200.202301161003/tools/bin/../lib/gcc/arm-none-eabi/10.3.1/../../../../arm-none-eabi/lib/thumb/v7e-m+fp/hard/libc_nano.a(lib_a-init.o)
 .debug_frame   0x0000000000001428       0x20 /Applications/STM32CubeIDE.app/Contents/Eclipse/plugins/com.st.stm32cube.ide.mcu.externaltools.gnu-tools-for-stm32.10.3-2021.10.macos64_1.0.200.202301161003/tools/bin/../lib/gcc/arm-none-eabi/10.3.1/../../../../arm-none-eabi/lib/thumb/v7e-m+fp/hard/libc_nano.a(lib_a-memset.o)
